[0.850s] Invoking command in '/home/sudenur/hybrid_nav_ws/build/hybrid_nav': PYTHONPATH=/home/sudenur/hybrid_nav_ws/build/hybrid_nav/prefix_override:/usr/lib/python3/dist-packages/colcon_core/task/python/colcon_distutils_commands:/home/sudenur/hybrid_nav_ws/install/hybrid_nav/lib/python3.10/site-packages:${PYTHONPATH} /usr/bin/python3 -W ignore:setup.py install is deprecated -W ignore:easy_install command is deprecated setup.py develop --editable --build-directory /home/sudenur/hybrid_nav_ws/build/hybrid_nav/build --no-deps symlink_data
[1.082s] running develop
[1.220s] running egg_info
[1.220s] creating hybrid_nav.egg-info
[1.220s] writing hybrid_nav.egg-info/PKG-INFO
[1.221s] writing dependency_links to hybrid_nav.egg-info/dependency_links.txt
[1.221s] writing entry points to hybrid_nav.egg-info/entry_points.txt
[1.221s] writing requirements to hybrid_nav.egg-info/requires.txt
[1.222s] writing top-level names to hybrid_nav.egg-info/top_level.txt
[1.222s] writing manifest file 'hybrid_nav.egg-info/SOURCES.txt'
[1.224s] reading manifest file 'hybrid_nav.egg-info/SOURCES.txt'
[1.225s] writing manifest file 'hybrid_nav.egg-info/SOURCES.txt'
[1.226s] running build_ext
[1.226s] Creating /home/sudenur/hybrid_nav_ws/install/hybrid_nav/lib/python3.10/site-packages/hybrid-nav.egg-link (link to .)
[1.226s] Installing adaptation_node script to /home/sudenur/hybrid_nav_ws/install/hybrid_nav/lib/hybrid_nav
[1.227s] Installing perception_node script to /home/sudenur/hybrid_nav_ws/install/hybrid_nav/lib/hybrid_nav
[1.227s] 
[1.227s] Installed /home/sudenur/hybrid_nav_ws/build/hybrid_nav
[1.227s] running symlink_data
[1.228s] creating /home/sudenur/hybrid_nav_ws/install/hybrid_nav/share/ament_index
[1.228s] creating /home/sudenur/hybrid_nav_ws/install/hybrid_nav/share/ament_index/resource_index
[1.229s] creating /home/sudenur/hybrid_nav_ws/install/hybrid_nav/share/ament_index/resource_index/packages
[1.229s] symbolically linking /home/sudenur/hybrid_nav_ws/build/hybrid_nav/resource/hybrid_nav -> /home/sudenur/hybrid_nav_ws/install/hybrid_nav/share/ament_index/resource_index/packages
[1.230s] symbolically linking /home/sudenur/hybrid_nav_ws/build/hybrid_nav/package.xml -> /home/sudenur/hybrid_nav_ws/install/hybrid_nav/share/hybrid_nav
[1.230s] creating /home/sudenur/hybrid_nav_ws/install/hybrid_nav/share/hybrid_nav/launch
[1.230s] symbolically linking /home/sudenur/hybrid_nav_ws/build/hybrid_nav/launch/runsim.launch.py -> /home/sudenur/hybrid_nav_ws/install/hybrid_nav/share/hybrid_nav/launch
[1.261s] Invoked command in '/home/sudenur/hybrid_nav_ws/build/hybrid_nav' returned '0': PYTHONPATH=/home/sudenur/hybrid_nav_ws/build/hybrid_nav/prefix_override:/usr/lib/python3/dist-packages/colcon_core/task/python/colcon_distutils_commands:/home/sudenur/hybrid_nav_ws/install/hybrid_nav/lib/python3.10/site-packages:${PYTHONPATH} /usr/bin/python3 -W ignore:setup.py install is deprecated -W ignore:easy_install command is deprecated setup.py develop --editable --build-directory /home/sudenur/hybrid_nav_ws/build/hybrid_nav/build --no-deps symlink_data
